// Jest Snapshot v1, https://goo.gl/fbAQLP

exports[`<SubmitDog /> renders the SubmitDog component 1`] = `
<div
  className="submit-dog-content"
>
  <h2>
    Submit a Dog Pic
  </h2>
  <p>
    To submit a dog pic, fill all the fields below and submit the form.
  </p>
  <div
    className="row"
  >
    <form
      className="col-md-6 form-dog"
      onSubmit={[Function]}
    >
      <div
        className="form-group"
      >
        <label
          htmlFor="submitDogName"
        >
          Dog's Name
        </label>
        <input
          className="form-control"
          id="submitDogName"
          name="dogName"
          placeholder="Ramona"
          required={true}
          type="text"
        />
      </div>
      <div
        className="form-group"
      >
        <label
          htmlFor="submitDogBreed"
        >
          Dog's Breed
        </label>
        <select
          className="form-control"
          id="submitDogBreed"
          name="dogBreed"
          required={true}
        />
      </div>
      <div
        className="form-group"
      >
        <label>
          Dog's Picture
        </label>
        <div
          className="custom-file"
        >
          <input
            accept="image/*"
            className="custom-file-input"
            id="customFile"
            name="dogPic"
            onChange={[Function]}
            required={true}
            type="file"
          />
          <label
            className="custom-file-label"
            htmlFor="customFile"
          >
            Choose File
          </label>
        </div>
      </div>
      <button
        className="btn btn-primary"
        type="submit"
      >
        Submit
      </button>
    </form>
    <div
      className="pic-preview col-md-6"
    >
      <img
        alt=""
      />
    </div>
  </div>
</div>
`;

exports[`<SubmitDog /> submits the form 1`] = `
<div
  className="submit-dog-content"
>
  <h2>
    Submit a Dog Pic
  </h2>
  <p>
    To submit a dog pic, fill all the fields below and submit the form.
  </p>
  <div
    className="row"
  >
    <form
      className="col-md-6 form-dog"
      onSubmit={[Function]}
    >
      <div
        className="form-group"
      >
        <label
          htmlFor="submitDogName"
        >
          Dog's Name
        </label>
        <input
          className="form-control"
          id="submitDogName"
          name="dogName"
          placeholder="Ramona"
          required={true}
          type="text"
        />
      </div>
      <div
        className="form-group"
      >
        <label
          htmlFor="submitDogBreed"
        >
          Dog's Breed
        </label>
        <select
          className="form-control"
          id="submitDogBreed"
          name="dogBreed"
          required={true}
        />
      </div>
      <div
        className="form-group"
      >
        <label>
          Dog's Picture
        </label>
        <div
          className="custom-file"
        >
          <input
            accept="image/*"
            className="custom-file-input"
            id="customFile"
            name="dogPic"
            onChange={[Function]}
            required={true}
            type="file"
          />
          <label
            className="custom-file-label"
            htmlFor="customFile"
          >
            Choose File
          </label>
        </div>
      </div>
      <button
        className="btn btn-primary"
        type="submit"
      >
        Submit
      </button>
    </form>
    <div
      className="pic-preview col-md-6"
    >
      <img
        alt=""
      />
    </div>
  </div>
</div>
`;
